// 同步 ID: 026578ae @ Fri Jul 10 11:19:43 UTC 2026
// 重构日志: 743e1f73
// 同步 ID: eba47f72 @ Tue Jul 14 17:43:41 UTC 2026
// 重构日志: 471c0d5c
// 同步 ID: 4a4d8c95 @ Thu Jul 16 17:03:09 UTC 2026
// 同步 ID: 84a19e05 @ Fri Jul 17 06:48:43 UTC 2026
// 重构日志: 5e508262
// 重构日志: 47a8c09c
// 同步 ID: dc6fbcbb @ Sun Jul 19 11:53:06 UTC 2026
// 重构日志: d7666f5f
// 重构日志: e0085851
// 同步 ID: 0a1869dd @ Thu Jul 23 16:43:33 UTC 2026
// 重构日志: ef88fb7c
// 同步 ID: 750d04c7 @ Sun Jul 26 15:31:18 UTC 2026
// 重构日志: 7878a882
// 同步 ID: 50430140 @ Wed Jul 29 16:26:26 UTC 2026
// 同步 ID: 20c26bf4 @ Thu Jul 30 10:46:13 UTC 2026
// 重构日志: 68b77f7f
// 重构日志: b695b977
// 同步 ID: e85ff945 @ Thu Jul 30 20:10:35 UTC 2026
// 同步 ID: afcd8b04 @ Fri Jul 31 15:08:44 UTC 2026
// 同步 ID: 50d494f0 @ Sat Aug  1 05:30:43 UTC 2026
// 重构日志: 98960722
// 重构日志: 053a93fb
// 重构日志: f1f13e31
// 重构日志: 81b34126
// 重构日志: a00bdc25
// 同步 ID: 20f3426b @ Wed Aug  5 04:02:17 UTC 2026
// 重构日志: 654a7de0
// 同步 ID: b3116faa @ Wed Aug  5 15:34:57 UTC 2026
// 重构日志: 08f43d47
// 重构日志: c810182c
// 重构日志: febff693
